Columns: ['名称', '城市', '价格']
Row: ('上海迪士尼乐园', '上海', 325.0)
Row: ('上海海昌海洋公园', '上海', 276.5)
Row: ('上海野生动物园', '上海', 116.0)
